status: 0
--- stdout
status altinn-studio/pr-0
status: running
state: $TMP/data/agentdp/instances/altinn-studio/pr-0/runtime.json
process: missing
pid: 4294967295
stale: runtime status is running but QEMU pid 4294967295 is not running
readiness: unknown
disk: $TMP/data/agentdp/instances/altinn-studio/pr-0/disk.qcow2
seed: $TMP/data/agentdp/instances/altinn-studio/pr-0/generated/qemu/seed.img
monitor: $TMP/runtime/agentdp/instances/altinn-studio/pr-0/qemu/monitor.sock
qmp: $TMP/runtime/agentdp/instances/altinn-studio/pr-0/qemu/qmp.sock
ports:
  code-server: tcp 24090->4090
  ssh: tcp 2222->22
--- stderr

