status: 0
--- stdout
applied altinn-studio
desired generation: 2
observed generation: 1
phase: Paused
replicas: 1
ready replicas: 0
reconciling: true
base: agent base ready
0: runtime running
0: stopping runtime
accepted desired generation 2
0: runtime stopped
wait altinn-studio
generation: 2
condition: Stopped
status: Satisfied
observed generation: 2
ready replicas: 0/1
--- stderr

