status: 0
--- stdout
status altinn-studio
desired generation: 2
observed generation: 2
phase: Deleted
replicas: 1
ready replicas: 0
active replicas: 0
stopped replicas: 0
deleting replicas: 0
reconciling: false
deleted: true
agent base: Ready desired:sha256-842114de63b75c68768e26e91f3aff895f9428a0bdc032a4faaf2259e24fe33d ready:sha256-842114de63b75c68768e26e91f3aff895f9428a0bdc032a4faaf2259e24fe33d
instances: none
--- stderr

