image: Archlinux X86_64 Cloud
packages: git, sudo, cloud-guest-utils, gptfdisk, docker, docker-compose, docker-buildx, mise, github-cli, curl, tmux
groups: docker
repos:
  https://github.com/martinothamar-agent/altinn-studio.git -> altinn-studio
healthchecks:
  code-server: tcp 127.0.0.1:4090 timeout=60s
  docker: command docker ps timeout=60s
--- meta-data
instance-id: altinn-studio
local-hostname: altinn-studio
--- user-data
#cloud-config
package_update: true
packages:
- git
- sudo
- cloud-guest-utils
- gptfdisk
- docker
- docker-compose
- docker-buildx
- mise
- github-cli
- curl
- tmux
users:
- default
- name: agent
  homedir: /data/home
  sudo: ALL=(ALL) NOPASSWD:ALL
  shell: /bin/bash
write_files:
- path: /opt/agentdp/bootstrap.sh
  permissions: '0755'
  content: |
    #!/usr/bin/env bash
    set -euo pipefail
    AGENTDP_USER='agent'
    AGENTDP_HOME='/data/home'
    AGENTDP_CODE_DIR='/data/home/code'
    AGENTDP_AGENT_ENV=/usr/local/bin/agentdp-agent-env
    export HOME="${HOME:-/root}"
    export PATH="/usr/local/bin:/usr/bin:/bin:$PATH"
    mkdir -p "$AGENTDP_HOME" "$AGENTDP_CODE_DIR"
    chown -R "$AGENTDP_USER:$AGENTDP_USER" "$AGENTDP_HOME"

    if command -v systemctl >/dev/null 2>&1 && systemctl list-unit-files sshd.service >/dev/null 2>&1; then
      systemctl enable --now sshd.service
    fi

    install -d -m 0755 "$(dirname "$AGENTDP_AGENT_ENV")"
    cat >"$AGENTDP_AGENT_ENV" <<'EOF'
    #!/usr/bin/env sh
    export HOME='/data/home'
    export AGENTDP_HOME='/data/home'
    export AGENTDP_CODE_DIR='/data/home/code'
    export PATH="/usr/local/bin:/usr/bin:/bin${PATH:+:$PATH}"
    if [ -r /etc/profile.d/agentdp-agent.sh ]; then
      . /etc/profile.d/agentdp-agent.sh
    fi
    exec "$@"
    EOF
    chmod 0755 "$AGENTDP_AGENT_ENV"
    cat >"/etc/profile.d/agentdp-agent.sh" <<'EOF'
    if [ "${HOME:-}" = "/data/home" ] || [ "${USER:-}" = "agent" ]; then
      export AGENTDP_HOME='/data/home'
      export AGENTDP_CODE_DIR='/data/home/code'
      if [ -d "/data/home/.local/share/mise/dotnet-root" ]; then
        export DOTNET_ROOT="/data/home/.local/share/mise/dotnet-root"
        export DOTNET_ROOT_X64="$DOTNET_ROOT"
      fi

      agentdp_prepend_path() {
        case ":${PATH:-}:" in
          *":$1:"*) ;;
          *) PATH="$1${PATH:+:$PATH}" ;;
        esac
      }

      agentdp_prepend_path "/opt/mise/shims"
      agentdp_prepend_path "/data/home/.dotnet/tools"
      agentdp_prepend_path "/data/home/.cargo/bin"
      agentdp_prepend_path "/data/home/go/bin"
      agentdp_prepend_path "/data/home/.local/share/mise/shims"
      agentdp_prepend_path "/data/home/.local/bin"
      export PATH
      unset -f agentdp_prepend_path
    fi
    EOF
    chmod 0644 "/etc/profile.d/agentdp-agent.sh"

    if getent group 'docker' >/dev/null 2>&1 && id "$AGENTDP_USER" >/dev/null 2>&1; then
      usermod -aG 'docker' "$AGENTDP_USER"
    fi

    if command -v sudo >/dev/null 2>&1; then
      install -d -m 0750 /etc/sudoers.d
      printf '%s ALL=(ALL) NOPASSWD:ALL\n' "$AGENTDP_USER" >/etc/sudoers.d/agentdp-agent
      chmod 0440 /etc/sudoers.d/agentdp-agent
    fi

    run_agent() {
      local command=$1
      runuser -u "$AGENTDP_USER" --preserve-environment -- "$AGENTDP_AGENT_ENV" bash -lc "$command"
    }

    run_agent_args() {
      runuser -u "$AGENTDP_USER" --preserve-environment -- "$AGENTDP_AGENT_ENV" "$@"
    }

    clone_repo() {
      local url=$1
      local path=$2
      for attempt in $(seq 1 6); do
        run_agent_args git clone "$url" "$path" && return 0
        sleep $((attempt * 2))
      done
      run_agent_args git clone "$url" "$path"
    }

    target="$AGENTDP_HOME/.codex/AGENTS.md"
    start="<!-- agentdp-info:start -->"
    end="<!-- agentdp-info:end -->"
    tmp="$(mktemp)"
    install -d -o "$AGENTDP_USER" -g "$AGENTDP_USER" -m 0755 "$(dirname "$target")"
    touch "$target"
    chown "$AGENTDP_USER:$AGENTDP_USER" "$target"
    awk -v start="$start" -v end="$end" '
      $0 == start { skip = 1; next }
      $0 == end { skip = 0; next }
      !skip { print }
    ' "$target" >"$tmp"
    {
      cat "$tmp"
      if [ -s "$tmp" ]; then printf '\n'; fi
      printf '%s\n' "$start"
      cat <<'AGENTDP_INFO_B64' | base64 -d
    IyBhZ2VudGRwIGdlbmVyYXRlZCBjb250ZXh0CgpUaGlzIHNlY3Rpb24gaXMgZ2VuZXJhdGVkIGJ5IGFnZW50ZHAuIEVkaXQgc291cmNlIHNlZWQgZmlsZXMgYmVzaWRlIGBhZ2VudC55YW1sYCwgbm90IGdlbmVyYXRlZCBndWVzdCBmaWxlcy4KCiMjIEd1ZXN0CgotIG1hbmlmZXN0OiBhbHRpbm4tc3R1ZGlvCi0gaW1hZ2Uub3M6IEFyY2hsaW51eAotIGhvbWU6IC9kYXRhL2hvbWUKLSBjb2RlOiAvZGF0YS9ob21lL2NvZGUKCiMjIFBhY2thZ2VzCgotIGdpdAotIHN1ZG8KLSBjbG91ZC1ndWVzdC11dGlscwotIGdwdGZkaXNrCi0gZG9ja2VyCi0gZG9ja2VyLWNvbXBvc2UKLSBkb2NrZXItYnVpbGR4Ci0gbWlzZQotIGdpdGh1Yi1jbGkKLSBjdXJsCi0gdG11eAoKIyMgUmVwb3NpdG9yaWVzCgotIGh0dHBzOi8vZ2l0aHViLmNvbS9tYXJ0aW5vdGhhbWFyLWFnZW50L2FsdGlubi1zdHVkaW8uZ2l0IC0+IC9kYXRhL2hvbWUvY29kZS9hbHRpbm4tc3R1ZGlvCgojIyBIZWFsdGhjaGVja3MKCi0gY29kZS1zZXJ2ZXI6IHRjcCAxMjcuMC4wLjE6NDA5MCB0aW1lb3V0PTYwcwotIGRvY2tlcjogY29tbWFuZCBkb2NrZXIgcHMgdGltZW91dD02MHMK
    AGENTDP_INFO_B64
      printf '%s\n' "$end"
    } >"$target"
    chown "$AGENTDP_USER:$AGENTDP_USER" "$target"
    rm -f "$tmp"

    grow_agentdp_root() {
      local root_source root_fstype parent partnum grow_output
      root_source="$(findmnt -no SOURCE / || true)"
      root_fstype="$(findmnt -no FSTYPE / || true)"
      if [ -z "$root_source" ] || [ ! -b "$root_source" ]; then
        echo "agentdp grow-root skipped: root source is not a block device: $root_source"
        return 0
      fi
      parent="$(lsblk -no PKNAME "$root_source" | head -n1 || true)"
      partnum="$(lsblk -no PARTN "$root_source" | head -n1 || true)"
      if [ -z "$parent" ] || [ -z "$partnum" ]; then
        echo "agentdp grow-root skipped: root source is not a partition: $root_source"
        return 0
      fi
      echo "Growing root partition $root_source on /dev/$parent"
      if ! grow_output="$(growpart "/dev/$parent" "$partnum" 2>&1)"; then
        if ! printf '%s\n' "$grow_output" | grep -qi 'NOCHANGE'; then
          printf '%s\n' "$grow_output" >&2
          return 1
        fi
      fi
      if [ -n "$grow_output" ]; then
        printf '%s\n' "$grow_output"
      fi
      udevadm settle || true
      case "$root_fstype" in
        ext2|ext3|ext4)
          resize2fs "$root_source"
          ;;
        xfs)
          if command -v xfs_growfs >/dev/null 2>&1; then
            xfs_growfs /
          else
            echo "agentdp grow-root skipped: xfs_growfs is not installed"
          fi
          ;;
        btrfs)
          if command -v btrfs >/dev/null 2>&1; then
            btrfs filesystem resize max /
          else
            echo "agentdp grow-root skipped: btrfs is not installed"
          fi
          ;;
        *)
          echo "agentdp grow-root skipped: unsupported root filesystem: $root_fstype"
          ;;
      esac
    }
    grow_agentdp_root
    unset -f grow_agentdp_root
    if command -v systemctl >/dev/null 2>&1 && systemctl list-unit-files docker.service >/dev/null 2>&1; then
      systemctl enable --now docker.service
    fi
    if ! command -v code-server >/dev/null 2>&1; then
      curl -fsSL https://code-server.dev/install.sh | sh -s -- --method=standalone --prefix=/usr/local
    fi
    cat >/etc/systemd/system/code-server.service <<'EOF'
    [Unit]
    Description=agentdp code-server
    After=network-online.target
    Wants=network-online.target

    [Service]
    User=agent
    Group=agent
    WorkingDirectory=/data/home/code
    ExecStart=/usr/local/bin/agentdp-agent-env /usr/local/bin/code-server --bind-addr 0.0.0.0:4090 --auth none /data/home/code
    Restart=always
    RestartSec=2

    [Install]
    WantedBy=multi-user.target
    EOF
    systemctl daemon-reload
    systemctl enable --now code-server.service
    if command -v loginctl >/dev/null 2>&1; then
      loginctl enable-linger 'agent' || true
    fi
    chown -R "$AGENTDP_USER:$AGENTDP_USER" "$AGENTDP_HOME"

    AGENTDP_CUSTOM_BOOTSTRAP='/run/agentdp/bootstrap.sh'
    AGENTDP_CUSTOM_ENV='/run/agentdp/.env'
    cleanup_agentdp_custom_env() {
      rm -f "$AGENTDP_CUSTOM_ENV"
    }
    trap cleanup_agentdp_custom_env EXIT
    if [ -f "$AGENTDP_CUSTOM_BOOTSTRAP" ]; then
      if [ -f "$AGENTDP_CUSTOM_ENV" ]; then
        set -a
        # shellcheck source=/dev/null
        . "$AGENTDP_CUSTOM_ENV"
        set +a
      fi
      . "$AGENTDP_CUSTOM_BOOTSTRAP"
    fi
    cleanup_agentdp_custom_env
    trap - EXIT

    target="$AGENTDP_CODE_DIR/altinn-studio"
    mkdir -p "$(dirname "$target")"
    chown -R "$AGENTDP_USER:$AGENTDP_USER" "$(dirname "$target")"
    if [ ! -d "$target/.git" ]; then
      clone_repo 'https://github.com/martinothamar-agent/altinn-studio.git' "$target"
    fi
    run_agent_args git -C "$target" config core.preloadIndex true
    run_agent_args git -C "$target" config core.untrackedCache true
    run_agent_args git -C "$target" update-index --test-untracked-cache >/dev/null 2>&1 || true

    run_agent 'if command -v mise >/dev/null 2>&1; then
      mise use --global '"'"'node@lts'"'"'
    fi'
    run_agent 'mise use --global '"'"'node@lts'"'"'
    install -d -m 0755 "$HOME/.codex"
    config="$HOME/.codex/config.toml"
    touch "$config"
    if ! grep -Fqx '"'"'[projects."/data/home/code"]'"'"' "$config"; then
      {
        printf '"'"'\n'"'"'
        printf '"'"'%s\n'"'"' '"'"'[projects."/data/home/code"]'"'"'
        printf '"'"'%s\n'"'"' '"'"'trust_level = "trusted"'"'"'
      } >>"$config"
    fi'
    run_agent 'if [ ! -x "$HOME/.local/share/agentdp/codex/bin/codex" ]; then npm install -g --prefix "$HOME/.local/share/agentdp/codex" @openai/codex@latest; fi'
    run_agent 'install -d -m 0755 "$HOME/.local/bin"
    cat >"$HOME/.local/bin/codex" <<'"'"'EOF'"'"'
    #!/usr/bin/env bash
    set -euo pipefail

    codex_real="$HOME/.local/share/agentdp/codex/bin/codex"
    if [ ! -x "$codex_real" ]; then
      echo "agentdp codex wrapper could not find $codex_real" >&2
      exit 127
    fi
    exec "$codex_real" --sandbox danger-full-access --ask-for-approval never "$@"
    EOF
    chmod 0755 "$HOME/.local/bin/codex"'
    run_agent 'if [ -f "$HOME/.config/gh/hosts.yml" ]; then gh auth setup-git >/dev/null || true; fi'
    run_agent 'code-server --install-extension '"'"'redhat.vscode-yaml'"'"' || true'
    run_agent 'mise use --global '"'"'node@lts'"'"''
    run_agent 'install -d -m 0755 "$HOME/.local/bin" "$HOME/.config/systemd/user" "$HOME/.local/state/agentdp"
    cat >"$HOME/.local/bin/agentdp-codex-session" <<'"'"'EOF'"'"'
    #!/usr/bin/env bash
    set -euo pipefail

    session="${AGENTDP_TMUX_SESSION:-agentdp}"
    state_dir="${AGENTDP_STATE_DIR:-$HOME/.local/state/agentdp}"
    pane_file="${AGENTDP_CODEX_PANE_FILE:-$state_dir/codex-pane-id}"
    workdir="${AGENTDP_CODE_DIR:-$HOME/code}"

    mkdir -p "$state_dir"

    if ! tmux has-session -t "$session" >/dev/null 2>&1; then
      tmux new-session -d -s "$session" -c "$workdir" "codex resume --last || codex"
    fi

    pane_id="$(tmux display-message -p -t "$session:0.0" '"'"'#{pane_id}'"'"')"
    tmp="$pane_file.tmp"
    printf '"'"'%s\n'"'"' "$pane_id" >"$tmp"
    mv "$tmp" "$pane_file"
    printf '"'"'%s\n'"'"' "$pane_id"
    EOF
    chmod 0755 "$HOME/.local/bin/agentdp-codex-session"
    cat >"$HOME/.local/bin/agentdp-pr" <<'"'"'EOF'"'"'
    #!/usr/bin/env node

    const fs = require("fs");
    const os = require("os");
    const path = require("path");
    const { spawnSync } = require("child_process");

    const home = os.homedir();
    const stateDir = process.env.AGENTDP_STATE_DIR || path.join(home, ".local/state/agentdp");
    const registry = process.env.AGENTDP_PR_REGISTRY || path.join(stateDir, "pr-watch.json");

    function usage() {
      console.error(`Usage:
      agentdp-pr create [gh pr create args...]
      agentdp-pr register [pr-url]`);
    }

    function run(command, args, options = {}) {
      const result = spawnSync(command, args, {
        cwd: options.cwd || process.cwd(),
        encoding: "utf8",
        stdio: options.capture ? ["inherit", "pipe", "pipe"] : "inherit",
      });
      if (result.status !== 0) {
        if (options.capture && result.stderr) {
          process.stderr.write(result.stderr);
        }
        process.exit(result.status || 1);
      }
      return options.capture ? result.stdout.trim() : "";
    }

    function repoRoot() {
      return run("git", ["rev-parse", "--show-toplevel"], { capture: true });
    }

    function currentBranch() {
      return run("git", ["branch", "--show-current"], { capture: true });
    }

    function readRegistry() {
      if (!fs.existsSync(registry)) {
        return { version: 1, prs: [] };
      }
      return JSON.parse(fs.readFileSync(registry, "utf8"));
    }

    function writeRegistryAtomic(contents) {
      fs.mkdirSync(path.dirname(registry), { recursive: true });
      const tmp = `${registry}.${process.pid}.tmp`;
      fs.writeFileSync(tmp, `${JSON.stringify(contents, null, 2)}\n`);
      fs.renameSync(tmp, registry);
    }

    function ghPrView(target) {
      const args = [
        "pr",
        "view",
        target,
        "--json",
        "number,url,headRefName,baseRefName,title,state,updatedAt",
      ];
      return JSON.parse(run("gh", args, { capture: true }));
    }

    function register(target) {
      const repo = repoRoot();
      const branch = currentBranch();
      const pr = ghPrView(target || branch);
      const existing = readRegistry();
      const prs = (existing.prs || []).filter((entry) => entry.url !== pr.url);
      prs.push({
        ...pr,
        repo_path: repo,
        branch,
        registered_at: new Date().toISOString(),
      });
      writeRegistryAtomic({ version: 1, prs });
      console.log(pr.url);
    }

    function wantsHelp(args) {
      return args.includes("--help") || args.includes("-h");
    }

    function findPrUrl(output) {
      return output.match(/https:\/\/github\.com\/[^\s]+\/pull\/\d+/)?.[0] || "";
    }

    const [command, ...args] = process.argv.slice(2);
    switch (command) {
      case "create":
        if (wantsHelp(args)) {
          run("gh", ["pr", "create", ...args]);
          break;
        }
        {
          const output = run("gh", ["pr", "create", ...args], { capture: true });
          if (output) {
            console.log(output);
          }
          register(findPrUrl(output));
        }
        break;
      case "register":
        if (wantsHelp(args)) {
          usage();
          break;
        }
        register(args[0] || "");
        break;
      case "help":
      case "--help":
      case "-h":
      case undefined:
        usage();
        break;
      default:
        usage();
        process.exit(2);
    }
    EOF
    chmod 0755 "$HOME/.local/bin/agentdp-pr"
    cat >"$HOME/.local/bin/agentdp-pr-subscriber" <<'"'"'EOF'"'"'
    #!/usr/bin/env node

    const crypto = require("crypto");
    const fs = require("fs");
    const os = require("os");
    const path = require("path");
    const { spawnSync } = require("child_process");

    const home = os.homedir();
    const stateDir = process.env.AGENTDP_STATE_DIR || path.join(home, ".local/state/agentdp");
    const registryPath = process.env.AGENTDP_PR_REGISTRY || path.join(stateDir, "pr-watch.json");
    const paneFile = process.env.AGENTDP_CODEX_PANE_FILE || path.join(stateDir, "codex-pane-id");
    const seenPath = path.join(stateDir, "pr-subscriber-seen.json");
    const queueDir = path.join(stateDir, "pr-subscriber-queue");
    const pollSeconds = Number(process.env.AGENTDP_PR_POLL_SECONDS || "60");
    const maxListedItems = 6;
    const maxPreviewLength = 220;
    const trustedAuthorAssociations = new Set(["OWNER", "MEMBER", "COLLABORATOR", "CONTRIBUTOR"]);
    let cachedGhLogin;

    fs.mkdirSync(stateDir, { recursive: true });
    fs.mkdirSync(queueDir, { recursive: true });

    function run(command, args, options = {}) {
      const result = spawnSync(command, args, {
        cwd: options.cwd || process.cwd(),
        encoding: "utf8",
        input: options.input,
        stdio: options.input === undefined ? ["ignore", "pipe", "pipe"] : ["pipe", "pipe", "pipe"],
      });
      if (result.status !== 0) {
        return null;
      }
      return result.stdout;
    }

    function readJson(file, fallback) {
      try {
        return JSON.parse(fs.readFileSync(file, "utf8"));
      } catch {
        return fallback;
      }
    }

    function writeJsonAtomic(file, value) {
      fs.mkdirSync(path.dirname(file), { recursive: true });
      const tmp = `${file}.${process.pid}.tmp`;
      fs.writeFileSync(tmp, `${JSON.stringify(value, null, 2)}\n`);
      fs.renameSync(tmp, file);
    }

    function hash(value) {
      return crypto.createHash("sha256").update(value).digest("hex");
    }

    function registeredPrs() {
      const registry = readJson(registryPath, { prs: [] });
      return Array.isArray(registry.prs) ? registry.prs : [];
    }

    function currentGhLogin() {
      if (cachedGhLogin !== undefined) return cachedGhLogin;
      cachedGhLogin = (run("gh", ["api", "user", "--jq", ".login"]) || "").trim();
      return cachedGhLogin;
    }

    function authoredBySelf(item, selfLogin) {
      return Boolean(selfLogin && item.author?.login === selfLogin);
    }

    function trustedAuthor(item) {
      return trustedAuthorAssociations.has(item.authorAssociation || "");
    }

    function prView(url) {
      const stdout = run("gh", [
        "pr",
        "view",
        url,
        "--json",
        "number,title,state,url,headRefName,baseRefName,updatedAt,reviewDecision,statusCheckRollup,reviews,comments",
      ]);
      return stdout ? JSON.parse(stdout) : null;
    }

    function parsePrUrl(url) {
      const match = url.match(/^https:\/\/github\.com\/([^/]+)\/([^/]+)\/pull\/(\d+)/);
      if (!match) return null;
      return { owner: match[1], repo: match[2], number: match[3] };
    }

    function compactText(value) {
      if (!value) return "";
      const text = String(value)
        .replace(/<!--[\s\S]*?-->/g, "")
        .replace(/<details[\s\S]*?<\/details>/gi, " [details omitted] ")
        .replace(/<[^>]+>/g, " ")
        .replace(/\s+/g, " ")
        .trim();
      return text.length > maxPreviewLength ? `${text.slice(0, maxPreviewLength - 1)}...` : text;
    }

    function checkName(check) {
      return check.name || check.context || check.workflowName || "unknown";
    }

    function checkState(check) {
      return {
        name: checkName(check),
        status: check.status || check.state || null,
        conclusion: check.conclusion || null,
        url: check.detailsUrl || check.targetUrl || null,
      };
    }

    function summarizedChecks(checks) {
      const normalized = checks.map(checkState);
      const failed = normalized.filter((check) => ["FAILURE", "ERROR", "CANCELLED", "TIMED_OUT", "ACTION_REQUIRED"].includes(check.conclusion));
      const pending = normalized.filter((check) =>
        check.conclusion === null && !["SUCCESS", "SKIPPED", "NEUTRAL"].includes(check.status),
      );
      const passed = normalized.filter((check) =>
        ["SUCCESS", "SKIPPED", "NEUTRAL"].includes(check.conclusion) ||
        check.status === "SUCCESS",
      );
      return {
        total: normalized.length,
        passed: passed.length,
        failed: failed.slice(0, maxListedItems),
        pending: pending.slice(0, maxListedItems),
      };
    }

    function summarizedReviews(reviews, selfLogin) {
      const normalized = reviews
        .filter((review) => !authoredBySelf(review, selfLogin))
        .map((review) => {
          const trusted = trustedAuthor(review);
          return {
            author: review.author?.login || "unknown",
            trusted,
            state: review.state || "UNKNOWN",
            submittedAt: review.submittedAt || null,
            preview: trusted ? compactText(review.body || "") : "",
          };
        });
      return {
        total: normalized.length,
        changesRequested: normalized.filter((review) => review.state === "CHANGES_REQUESTED").length,
        approved: normalized.filter((review) => review.state === "APPROVED").length,
        latest: normalized.slice(-maxListedItems),
      };
    }

    function summarizedComments(comments, selfLogin) {
      const normalized = comments
        .filter((comment) => !authoredBySelf(comment, selfLogin))
        .map((comment) => {
          const trusted = trustedAuthor(comment);
          return {
            author: comment.author?.login || "unknown",
            trusted,
            updatedAt: comment.updatedAt || comment.createdAt || null,
            url: comment.url || null,
            preview: trusted ? compactText(comment.body || "") : "",
          };
        });
      return {
        total: normalized.length,
        latest: normalized.slice(-3),
      };
    }

    function prSummary(view, selfLogin) {
      const checks = summarizedChecks(view.statusCheckRollup || []);
      const reviews = summarizedReviews(view.reviews || [], selfLogin);
      const comments = summarizedComments(view.comments || [], selfLogin);
      const parsed = parsePrUrl(view.url);
      return {
        pr: {
          number: view.number || parsed?.number || null,
          title: view.title || "",
          state: view.state || "",
          url: view.url,
          head: view.headRefName || "",
          base: view.baseRefName || "",
          updatedAt: view.updatedAt,
          reviewDecision: view.reviewDecision || "UNKNOWN",
        },
        checks,
        reviews,
        comments,
      };
    }

    function prFingerprint(view, selfLogin) {
      return {
        url: view.url,
        updatedAt: view.updatedAt,
        reviewDecision: view.reviewDecision,
        checks: (view.statusCheckRollup || []).map(checkState),
        reviews: (view.reviews || [])
          .filter((review) => !authoredBySelf(review, selfLogin))
          .map((review) => ({
            author: review.author?.login || "unknown",
            authorAssociation: review.authorAssociation || "",
            state: review.state,
            submittedAt: review.submittedAt,
            body: trustedAuthor(review) ? review.body || "" : "",
          })),
        comments: (view.comments || [])
          .filter((comment) => !authoredBySelf(comment, selfLogin))
          .map((comment) => ({
            author: comment.author?.login || "unknown",
            authorAssociation: comment.authorAssociation || "",
            updatedAt: comment.updatedAt || comment.createdAt || null,
            url: comment.url || null,
            body: trustedAuthor(comment) ? comment.body || "" : "",
          })),
      };
    }

    function bulletList(items, formatter, emptyText) {
      if (!items.length) return `- ${emptyText}`;
      return items.map((item) => `- ${formatter(item)}`).join("\n");
    }

    function checkLine(check) {
      const status = check.conclusion || check.status || "unknown";
      return `${check.name} (${status})${check.url ? ` ${check.url}` : ""}`;
    }

    function pendingCheckLine(check) {
      return `${check.name} (${check.status || "pending"})${check.url ? ` ${check.url}` : ""}`;
    }

    function reviewLine(review) {
      const submittedAt = review.submittedAt ? ` at ${review.submittedAt}` : "";
      const preview = review.trusted && review.preview
        ? ` - ${review.preview}`
        : review.trusted
          ? ""
          : " - body omitted";
      return `${review.author}: ${review.state}${submittedAt}${preview}`;
    }

    function commentLine(comment) {
      const updatedAt = comment.updatedAt ? ` at ${comment.updatedAt}` : "";
      const url = comment.url ? ` ${comment.url}` : "";
      const preview = comment.trusted && comment.preview
        ? ` - ${comment.preview}`
        : comment.trusted
          ? ""
          : " - body omitted";
      return `${comment.author}${updatedAt}${url}${preview}`;
    }

    function renderPrompt(summary) {
      const pr = summary.pr;
      const checks = summary.checks;
      const reviews = summary.reviews;
      const comments = summary.comments;
      const failedCount = checks.failed.length;
      const pendingCount = checks.pending.length;
      const promptReason = failedCount > 0
        ? "check failure"
        : reviews.changesRequested > 0
          ? "changes requested"
          : comments.latest.length > 0
            ? "new or updated PR comment"
            : pendingCount > 0
              ? "check status update"
              : "PR status update";

      return `<github_pr_summary_update>
    Reason: ${promptReason}
    PR: #${pr.number || "?"} ${pr.title}
    URL: ${pr.url}
    State: ${pr.state || "unknown"} | Review: ${pr.reviewDecision} | Branch: ${pr.head || "?"} -> ${pr.base || "?"}
    Updated: ${pr.updatedAt || "unknown"}

    Checks: ${checks.passed}/${checks.total} passed, ${checks.failed.length} failed, ${checks.pending.length} pending
    Failed checks:
    ${bulletList(checks.failed, checkLine, "none")}
    Pending checks:
    ${bulletList(checks.pending, pendingCheckLine, "none")}

    Reviews: ${reviews.approved} approved, ${reviews.changesRequested} changes requested, ${reviews.total} total
    Recent reviews:
    ${bulletList(reviews.latest, reviewLine, "none")}

    Top-level comments: ${comments.total} total
    Recent comments:
    ${bulletList(comments.latest, commentLine, "none")}
    </github_pr_summary_update>
    `;
    }

    function paneId() {
      try {
        return fs.readFileSync(paneFile, "utf8").trim();
      } catch {
        return "";
      }
    }

    function paneExists(id) {
      const panes = run("tmux", ["list-panes", "-a", "-F", "#{pane_id}"]);
      return panes ? panes.split(/\r?\n/).includes(id) : false;
    }

    function injectPrompt(id, url, summary) {
      const promptFile = path.join(stateDir, `pr-prompt.${process.pid}.txt`);
      fs.writeFileSync(promptFile, renderPrompt(summary));
      run("tmux", ["load-buffer", "-b", "agentdp-pr", promptFile]);
      run("tmux", ["paste-buffer", "-b", "agentdp-pr", "-t", id, "-p", "-r"]);
      run("tmux", ["send-keys", "-t", id, "Enter"]);
      fs.rmSync(promptFile, { force: true });
    }

    function queuePrompt(key, url, summary) {
      writeJsonAtomic(path.join(queueDir, `${key}.json`), { url, summary });
    }

    function clearQueuedPrompt(key) {
      fs.rmSync(path.join(queueDir, `${key}.json`), { force: true });
    }

    function handlePr(entry) {
      if (!entry.url) return;
      const view = prView(entry.url);
      if (!view) return;

      const selfLogin = currentGhLogin();
      const summary = prSummary(view, selfLogin);
      const key = hash(entry.url);
      const fingerprint = hash(JSON.stringify(prFingerprint(view, selfLogin)));
      const seen = readJson(seenPath, { events: {} });
      if (seen.events?.[key] === fingerprint) return;

      const targetPane = paneId();
      if (targetPane && paneExists(targetPane)) {
        injectPrompt(targetPane, entry.url, summary);
        clearQueuedPrompt(key);
        seen.events = { ...(seen.events || {}), [key]: fingerprint };
        writeJsonAtomic(seenPath, seen);
      } else {
        queuePrompt(key, entry.url, summary);
      }
    }

    async function main() {
      while (true) {
        for (const pr of registeredPrs()) {
          handlePr(pr);
        }
        await new Promise((resolve) => setTimeout(resolve, pollSeconds * 1000));
      }
    }

    main().catch((error) => {
      console.error(error);
      process.exit(1);
    });
    EOF
    chmod 0755 "$HOME/.local/bin/agentdp-pr-subscriber"
    cat >"$HOME/.config/systemd/user/agentdp-codex-session.service" <<'"'"'EOF'"'"'
    [Unit]
    Description=agentdp Codex tmux session
    After=network-online.target
    Wants=network-online.target

    [Service]
    Type=oneshot
    RemainAfterExit=yes
    Environment=AGENTDP_STATE_DIR=%h/.local/state/agentdp
    Environment=AGENTDP_CODEX_PANE_FILE=%h/.local/state/agentdp/codex-pane-id
    ExecStart=/usr/local/bin/agentdp-agent-env %h/.local/bin/agentdp-codex-session

    [Install]
    WantedBy=default.target
    EOF
    cat >"$HOME/.config/systemd/user/agentdp-pr-subscriber.service" <<'"'"'EOF'"'"'
    [Unit]
    Description=agentdp PR subscriber
    After=network-online.target
    After=agentdp-codex-session.service
    Wants=network-online.target agentdp-codex-session.service

    [Service]
    Type=simple
    Environment=AGENTDP_STATE_DIR=%h/.local/state/agentdp
    Environment=AGENTDP_PR_REGISTRY=%h/.local/state/agentdp/pr-watch.json
    Environment=AGENTDP_CODEX_PANE_FILE=%h/.local/state/agentdp/codex-pane-id
    ExecStart=/usr/local/bin/agentdp-agent-env %h/.local/bin/agentdp-pr-subscriber
    Restart=always
    RestartSec=20

    [Install]
    WantedBy=default.target
    EOF'
    run_agent 'agentdp-codex-session
    export XDG_RUNTIME_DIR="${XDG_RUNTIME_DIR:-/run/user/$(id -u)}"
    systemctl --user daemon-reload || true
    systemctl --user enable --now agentdp-codex-session.service agentdp-pr-subscriber.service || true'
    run_agent 'npm install -g playwright'
runcmd:
- - bash
  - /opt/agentdp/bootstrap.sh
